node.exe : npm warn 
Unknown project config 
"auto-install-peers". 
This will stop working in 
the next major version of 
npm.
At line:1 char:1
+ & "C:\Program 
Files\nodejs/node.exe" 
"C:\Program 
Files\nodejs/node_mo ...
+ ~~~~~~~~~~~~~~~~~~~~~~~~
~~~~~~~~~~~~~~~~~~~~~~~~~~
~~~~~~~~~~~~~~~~~~~
    + CategoryInfo        
      : NotSpecified: (n  
  pm warn Unknow...vers   
 ion of npm.:String) [    
], RemoteException
    + FullyQualifiedError 
   Id : NativeCommandErr  
  or
 
npm warn Unknown project 
config "strict-peer-depend
encies". This will stop 
working in the next major 
version of npm.
lib/api-zod/src/index.ts(2,1): error TS2308: Module "./generated/api" has already exported a member named 'CreateGroupBody'. Consider explicitly re-exporting to resolve the ambiguity.
lib/api-zod/src/index.ts(2,1): error TS2308: Module "./generated/api" has already exported a member named 'LoginBody'. Consider explicitly re-exporting to resolve the ambiguity.
lib/api-zod/src/index.ts(2,1): error TS2308: Module "./generated/api" has already exported a member named 'LoginResponse'. Consider explicitly re-exporting to resolve the ambiguity.
lib/api-zod/src/index.ts(2,1): error TS2308: Module "./generated/api" has already exported a member named 'RegisterBody'. Consider explicitly re-exporting to resolve the ambiguity.
lib/api-zod/src/index.ts(2,1): error TS2308: Module "./generated/api" has already exported a member named 'SendMessageBody'. Consider explicitly re-exporting to resolve the ambiguity.
